Usage: gnathub [-vq] -P PROJECT [-plugins PLUGINS] [-X ARG [-X ARG]]
