obj/
obj/hello.adb.metrix
obj/metrix.xml
obj/qualimetrics
obj/qualimetrics/logs
obj/qualimetrics/logs/gnatmetric.log
obj/qualimetrics/qualimetrics.db
