Usage: gnathub [-vq] -P PROJECT [--plugins PLUGINS | --exec SCRIPT]
