[hello.adb]
    all_lines = 6
    code_lines = 4
    comment_lines = 2
    eol_comments = 0
    comment_percentage = 33.33
    blank_lines = 0
    statement_complexity = 1.00
    expression_complexity = 0.00
    essential_complexity = 1.00
    cyclomatic_complexity = 1.00
    max_loop_nesting = 0.00
