gnathub: error: --runners-only and --reporters-only are mutually exclusive.
try "gnathub --help" for more information.
